// Jest Snapshot v1, https://goo.gl/fbAQLP

exports[`ModalContainerM renders correctly snapshot 1`] = `
<Fragment>
  <styled.div
    onClick={[Function]}
  />
  <styled.div />
</Fragment>
`;
